// Jest Snapshot v1, https://goo.gl/fbAQLP

exports[`CreateWine Component CreateWine Component snapshot 1`] = `
<DocumentFragment>
  <section
    class="form-wrapper add-wine-form-wrapper"
  >
    <div
      class="form-header-wrapper"
    >
      <div
        class="form-header-heading-container"
      >
        <h1
          class="form-header-heading"
        >
          Ново вино
        </h1>
      </div>
      <div
        class="form-header-image-container"
      >
        <img
          alt="vine"
          class="form-header-image"
          src="https://res.cloudinary.com/dyhmxus4n/image/upload/v1615712293/React%20Project/grape_border_ogd8gq.png"
        />
      </div>
      <h1
        class="form-header-heading-hidden"
      >
        Ново вино
      </h1>
    </div>
    <form
      class="form-container"
    >
      <div
        class="form-field-wrapper"
      >
        <div
          class="form-field-heading"
        >
          <label
            for="name"
          >
            Име:
          </label>
        </div>
        <input
          class="form-field-input"
          id="name"
          name="name"
          required=""
          type="text"
        />
      </div>
      <div
        class="form-field-wrapper"
      >
        <div
          class="form-field-heading"
        >
          <label
            for="category"
          >
            Категория:
          </label>
        </div>
        <input
          class="form-field-input"
          id="category"
          name="category"
          required=""
          type="text"
        />
      </div>
      <div
        class="form-field-wrapper"
      >
        <div
          class="form-field-heading"
        >
          <label
            for="producer"
          >
            Производител:
          </label>
        </div>
        <input
          class="form-field-input"
          id="producer"
          name="producer"
          required=""
          type="text"
        />
      </div>
      <div
        class="form-field-wrapper"
      >
        <div
          class="form-field-heading"
        >
          <label
            for="description"
          >
            Описание:
          </label>
        </div>
        <textarea
          class="form-field-input textarea"
          id="description"
          name="description"
          required=""
          rows="11"
        />
      </div>
      <div
        class="form-field-wrapper"
      >
        <div
          class="form-field-heading"
        >
          <label
            for="imageUrl1"
          >
            URL снимка:
          </label>
        </div>
        <input
          class="form-field-input"
          id="imageUrl1"
          name="imageUrl1"
          required=""
          type="text"
        />
      </div>
      <div
        class="form-button-wrapper"
      >
        <input
          class="form-button"
          type="submit"
          value="ИЗПРАТИ"
        />
      </div>
    </form>
  </section>
</DocumentFragment>
`;
